Can't locate Bio/SeqIO.pm in @INC (you may need to install the Bio::SeqIO module) (@INC contains: /Library/Perl/5.18/darwin-thread-multi-2level /Library/Perl/5.18 /Network/Library/Perl/5.18/darwin-thread-multi-2level /Network/Library/Perl/5.18 /Library/Perl/Updates/5.18.2 /System/Library/Perl/5.18/darwin-thread-multi-2level /System/Library/Perl/5.18 /System/Library/Perl/Extras/5.18/darwin-thread-multi-2level /System/Library/Perl/Extras/5.18 .) at ../MUST_Pipe.pl line 5.
BEGIN failed--compilation aborted at ../MUST_Pipe.pl line 5.
